2026-04-11 09:00:13,376: Logging to /home/adam/dev/repos/neuralhydrology-dcfe/examples/08-SHM/runs/example_SHM_dynamic_1104_090013/output.log initialized.
2026-04-11 09:00:13,377: ### Folder structure created at /home/adam/dev/repos/neuralhydrology-dcfe/examples/08-SHM/runs/example_SHM_dynamic_1104_090013
2026-04-11 09:00:13,377: ### Run configurations for example_SHM_dynamic
2026-04-11 09:00:13,377: experiment_name: example_SHM_dynamic
2026-04-11 09:00:13,377: train_basin_file: /home/adam/dev/repos/neuralhydrology-dcfe/examples/08-SHM/2_basin.txt
2026-04-11 09:00:13,378: validation_basin_file: /home/adam/dev/repos/neuralhydrology-dcfe/examples/08-SHM/2_basin.txt
2026-04-11 09:00:13,378: test_basin_file: /home/adam/dev/repos/neuralhydrology-dcfe/examples/08-SHM/2_basin.txt
2026-04-11 09:00:13,378: train_start_date: 2000-10-01 00:00:00
2026-04-11 09:00:13,378: train_end_date: 2014-09-30 00:00:00
2026-04-11 09:00:13,378: validation_start_date: 1990-10-01 00:00:00
2026-04-11 09:00:13,378: validation_end_date: 1999-09-30 00:00:00
2026-04-11 09:00:13,378: test_start_date: 1999-10-01 00:00:00
2026-04-11 09:00:13,379: test_end_date: 2004-09-30 00:00:00
2026-04-11 09:00:13,379: device: cpu
2026-04-11 09:00:13,379: validate_every: 2
2026-04-11 09:00:13,379: validate_n_random_basins: 1
2026-04-11 09:00:13,379: metrics: ['NSE']
2026-04-11 09:00:13,379: model: hybrid_model
2026-04-11 09:00:13,379: conceptual_model: shm
2026-04-11 09:00:13,380: conceptual_param_config: dynamic
2026-04-11 09:00:13,380: head: regression
2026-04-11 09:00:13,380: output_activation: linear
2026-04-11 09:00:13,380: hidden_size: 20
2026-04-11 09:00:13,380: initial_forget_bias: 3
2026-04-11 09:00:13,380: output_dropout: 0.2
2026-04-11 09:00:13,380: optimizer: Adam
2026-04-11 09:00:13,381: loss: MSE
2026-04-11 09:00:13,381: learning_rate: {0: 0.05, 20: 0.001, 40: 1e-05}
2026-04-11 09:00:13,381: batch_size: 256
2026-04-11 09:00:13,381: epochs: 10
2026-04-11 09:00:13,381: clip_gradient_norm: 1
2026-04-11 09:00:13,381: predict_last_n: 365
2026-04-11 09:00:13,382: seq_length: 910
2026-04-11 09:00:13,382: warmup_period: 180
2026-04-11 09:00:13,382: spin_up_period: 365
2026-04-11 09:00:13,382: num_workers: 8
2026-04-11 09:00:13,382: log_interval: 5
2026-04-11 09:00:13,382: log_tensorboard: True
2026-04-11 09:00:13,383: log_n_figures: 1
2026-04-11 09:00:13,383: save_weights_every: 1
2026-04-11 09:00:13,383: seed: 123
2026-04-11 09:00:13,383: dataset: camels_us
2026-04-11 09:00:13,383: data_dir: /home/adam/dev/repos/neuralhydrology-dcfe/data/CAMELS_US
2026-04-11 09:00:13,383: forcings: ['maurer', 'daymet', 'nldas']
2026-04-11 09:00:13,383: dynamic_inputs: ['PRCP(mm/day)_nldas', 'PRCP(mm/day)_maurer', 'prcp(mm/day)_daymet', 'srad(W/m2)_daymet', 'tmax(C)_daymet', 'tmin(C)_daymet', 'vp(Pa)_daymet']
2026-04-11 09:00:13,384: duplicate_features: ['PRCP(mm/day)_nldas', 'tmax(C)_daymet', 'tmin(C)_daymet', 'srad(W/m2)_daymet']
2026-04-11 09:00:13,384: dynamic_conceptual_inputs: ['PRCP(mm/day)_nldas_copy1', 'tmin(C)_daymet_copy1', 'tmax(C)_daymet_copy1', 'srad(W/m2)_daymet_copy1']
2026-04-11 09:00:13,384: custom_normalization: {'QObs(mm/d)': {'centering': 'None', 'scaling': 'None'}, 'PRCP(mm/day)_nldas_copy1': {'centering': 'None', 'scaling': 'None'}, 'srad(W/m2)_daymet_copy1': {'centering': 'None', 'scaling': 'None'}, 'tmin(C)_daymet_copy1': {'centering': 'None', 'scaling': 'None'}, 'tmax(C)_daymet_copy1': {'centering': 'None', 'scaling': 'None'}}
2026-04-11 09:00:13,384: target_variables: ['QObs(mm/d)']
2026-04-11 09:00:13,384: clip_targets_to_zero: ['QObs(mm/d)']
2026-04-11 09:00:13,385: save_all_output: True
2026-04-11 09:00:13,385: number_of_basins: 2
2026-04-11 09:00:13,385: run_dir: /home/adam/dev/repos/neuralhydrology-dcfe/examples/08-SHM/runs/example_SHM_dynamic_1104_090013
2026-04-11 09:00:13,385: train_dir: /home/adam/dev/repos/neuralhydrology-dcfe/examples/08-SHM/runs/example_SHM_dynamic_1104_090013/train_data
2026-04-11 09:00:13,386: img_log_dir: /home/adam/dev/repos/neuralhydrology-dcfe/examples/08-SHM/runs/example_SHM_dynamic_1104_090013/img_log
2026-04-11 09:00:13,388: ### Device cpu will be used for training
2026-04-11 09:00:13,389: Loading basin data into xarray data set.
2026-04-11 09:00:13,516: Create lookup table and convert to pytorch tensor
2026-04-11 09:00:24,314: Epoch 1 average loss: avg_loss: 0.43794, avg_total_loss: 0.43794
2026-04-11 09:00:33,365: Epoch 2 average loss: avg_loss: 0.17420, avg_total_loss: 0.17420
2026-04-11 09:00:37,366: Stored states at /home/adam/dev/repos/neuralhydrology-dcfe/examples/08-SHM/runs/example_SHM_dynamic_1104_090013/validation/model_epoch002/validation_all_output.p
2026-04-11 09:00:37,367: Epoch 2 average validation loss: 1.91604 -- Median validation metrics: avg_loss: 1.91604, NSE: 0.51790
2026-04-11 09:00:46,083: Epoch 3 average loss: avg_loss: 0.12623, avg_total_loss: 0.12623
2026-04-11 09:00:54,915: Epoch 4 average loss: avg_loss: 0.10116, avg_total_loss: 0.10116
2026-04-11 09:00:58,910: Stored states at /home/adam/dev/repos/neuralhydrology-dcfe/examples/08-SHM/runs/example_SHM_dynamic_1104_090013/validation/model_epoch004/validation_all_output.p
2026-04-11 09:00:58,911: Epoch 4 average validation loss: 1.50370 -- Median validation metrics: avg_loss: 1.50370, NSE: 0.62303
2026-04-11 09:01:07,358: Epoch 5 average loss: avg_loss: 0.10434, avg_total_loss: 0.10434
2026-04-11 09:01:15,786: Epoch 6 average loss: avg_loss: 0.08213, avg_total_loss: 0.08213
2026-04-11 09:01:20,527: Stored states at /home/adam/dev/repos/neuralhydrology-dcfe/examples/08-SHM/runs/example_SHM_dynamic_1104_090013/validation/model_epoch006/validation_all_output.p
2026-04-11 09:01:20,528: Epoch 6 average validation loss: 0.65669 -- Median validation metrics: avg_loss: 0.65669, NSE: 0.77314
2026-04-11 09:01:29,521: Epoch 7 average loss: avg_loss: 0.07220, avg_total_loss: 0.07220
2026-04-11 09:01:39,129: Epoch 8 average loss: avg_loss: 0.07089, avg_total_loss: 0.07089
2026-04-11 09:01:44,029: Stored states at /home/adam/dev/repos/neuralhydrology-dcfe/examples/08-SHM/runs/example_SHM_dynamic_1104_090013/validation/model_epoch008/validation_all_output.p
2026-04-11 09:01:44,031: Epoch 8 average validation loss: 0.63575 -- Median validation metrics: avg_loss: 0.63575, NSE: 0.78119
2026-04-11 09:01:53,237: Epoch 9 average loss: avg_loss: 0.06139, avg_total_loss: 0.06139
2026-04-11 09:02:02,378: Epoch 10 average loss: avg_loss: 0.05725, avg_total_loss: 0.05725
2026-04-11 09:02:07,135: Stored states at /home/adam/dev/repos/neuralhydrology-dcfe/examples/08-SHM/runs/example_SHM_dynamic_1104_090013/validation/model_epoch010/validation_all_output.p
2026-04-11 09:02:07,137: Epoch 10 average validation loss: 0.83285 -- Median validation metrics: avg_loss: 0.83285, NSE: 0.72553
2026-04-11 09:03:08,170: Logging to /home/adam/dev/repos/neuralhydrology-dcfe/examples/08-SHM/runs/example_SHM_operational_average_1104_090308/output.log initialized.
2026-04-11 09:03:08,171: ### Folder structure created at /home/adam/dev/repos/neuralhydrology-dcfe/examples/08-SHM/runs/example_SHM_operational_average_1104_090308
2026-04-11 09:03:08,171: ### Run configurations for example_SHM_operational_average
2026-04-11 09:03:08,171: experiment_name: example_SHM_operational_average
2026-04-11 09:03:08,172: train_basin_file: /home/adam/dev/repos/neuralhydrology-dcfe/examples/08-SHM/2_basin.txt
2026-04-11 09:03:08,172: validation_basin_file: /home/adam/dev/repos/neuralhydrology-dcfe/examples/08-SHM/2_basin.txt
2026-04-11 09:03:08,172: test_basin_file: /home/adam/dev/repos/neuralhydrology-dcfe/examples/08-SHM/2_basin.txt
2026-04-11 09:03:08,172: train_start_date: 2000-10-01 00:00:00
2026-04-11 09:03:08,172: train_end_date: 2014-09-30 00:00:00
2026-04-11 09:03:08,172: validation_start_date: 1990-10-01 00:00:00
2026-04-11 09:03:08,172: validation_end_date: 1999-09-30 00:00:00
2026-04-11 09:03:08,173: test_start_date: 1999-10-01 00:00:00
2026-04-11 09:03:08,173: test_end_date: 2004-09-30 00:00:00
2026-04-11 09:03:08,173: device: cpu
2026-04-11 09:03:08,173: validate_every: 2
2026-04-11 09:03:08,173: validate_n_random_basins: 1
2026-04-11 09:03:08,173: metrics: ['NSE']
2026-04-11 09:03:08,174: model: hybrid_model
2026-04-11 09:03:08,174: conceptual_model: shm
2026-04-11 09:03:08,174: conceptual_param_config: operational_average
2026-04-11 09:03:08,175: head: regression
2026-04-11 09:03:08,176: output_activation: linear
2026-04-11 09:03:08,176: hidden_size: 20
2026-04-11 09:03:08,176: initial_forget_bias: 3
2026-04-11 09:03:08,176: output_dropout: 0.2
2026-04-11 09:03:08,177: optimizer: Adam
2026-04-11 09:03:08,177: loss: MSE
2026-04-11 09:03:08,178: learning_rate: {0: 0.05, 20: 0.001, 40: 1e-05}
2026-04-11 09:03:08,178: batch_size: 256
2026-04-11 09:03:08,178: epochs: 10
2026-04-11 09:03:08,179: clip_gradient_norm: 1
2026-04-11 09:03:08,179: predict_last_n: 365
2026-04-11 09:03:08,179: seq_length: 910
2026-04-11 09:03:08,180: warmup_period: 180
2026-04-11 09:03:08,180: spin_up_period: 365
2026-04-11 09:03:08,180: num_workers: 8
2026-04-11 09:03:08,180: log_interval: 5
2026-04-11 09:03:08,180: log_tensorboard: True
2026-04-11 09:03:08,181: log_n_figures: 1
2026-04-11 09:03:08,181: save_weights_every: 1
2026-04-11 09:03:08,181: seed: 123
2026-04-11 09:03:08,181: dataset: camels_us
2026-04-11 09:03:08,181: data_dir: /home/adam/dev/repos/neuralhydrology-dcfe/data/CAMELS_US
2026-04-11 09:03:08,181: forcings: ['maurer', 'daymet', 'nldas']
2026-04-11 09:03:08,182: dynamic_inputs: ['PRCP(mm/day)_nldas', 'PRCP(mm/day)_maurer', 'prcp(mm/day)_daymet', 'srad(W/m2)_daymet', 'tmax(C)_daymet', 'tmin(C)_daymet', 'vp(Pa)_daymet']
2026-04-11 09:03:08,182: duplicate_features: ['PRCP(mm/day)_nldas', 'tmax(C)_daymet', 'tmin(C)_daymet', 'srad(W/m2)_daymet']
2026-04-11 09:03:08,182: dynamic_conceptual_inputs: ['PRCP(mm/day)_nldas_copy1', 'tmin(C)_daymet_copy1', 'tmax(C)_daymet_copy1', 'srad(W/m2)_daymet_copy1']
2026-04-11 09:03:08,182: custom_normalization: {'QObs(mm/d)': {'centering': 'None', 'scaling': 'None'}, 'PRCP(mm/day)_nldas_copy1': {'centering': 'None', 'scaling': 'None'}, 'srad(W/m2)_daymet_copy1': {'centering': 'None', 'scaling': 'None'}, 'tmin(C)_daymet_copy1': {'centering': 'None', 'scaling': 'None'}, 'tmax(C)_daymet_copy1': {'centering': 'None', 'scaling': 'None'}}
2026-04-11 09:03:08,183: target_variables: ['QObs(mm/d)']
2026-04-11 09:03:08,183: clip_targets_to_zero: ['QObs(mm/d)']
2026-04-11 09:03:08,183: save_all_output: True
2026-04-11 09:03:08,183: number_of_basins: 2
2026-04-11 09:03:08,183: run_dir: /home/adam/dev/repos/neuralhydrology-dcfe/examples/08-SHM/runs/example_SHM_operational_average_1104_090308
2026-04-11 09:03:08,183: train_dir: /home/adam/dev/repos/neuralhydrology-dcfe/examples/08-SHM/runs/example_SHM_operational_average_1104_090308/train_data
2026-04-11 09:03:08,184: img_log_dir: /home/adam/dev/repos/neuralhydrology-dcfe/examples/08-SHM/runs/example_SHM_operational_average_1104_090308/img_log
2026-04-11 09:03:08,185: ### Device cpu will be used for training
2026-04-11 09:03:08,186: Loading basin data into xarray data set.
2026-04-11 09:03:08,308: Create lookup table and convert to pytorch tensor
2026-04-11 09:03:17,617: Epoch 1 average loss: avg_loss: 0.84943, avg_total_loss: 0.84943
2026-04-11 09:03:26,976: Epoch 2 average loss: avg_loss: 0.70433, avg_total_loss: 0.70433
2026-04-11 09:03:30,658: Stored states at /home/adam/dev/repos/neuralhydrology-dcfe/examples/08-SHM/runs/example_SHM_operational_average_1104_090308/validation/model_epoch002/validation_all_output.p
2026-04-11 09:03:30,660: Epoch 2 average validation loss: 2.50528 -- Median validation metrics: avg_loss: 2.50528, NSE: 0.36296
2026-04-11 09:03:39,745: Epoch 3 average loss: avg_loss: 0.66586, avg_total_loss: 0.66586
2026-04-11 09:03:48,546: Epoch 4 average loss: avg_loss: 0.65653, avg_total_loss: 0.65653
2026-04-11 09:03:52,143: Stored states at /home/adam/dev/repos/neuralhydrology-dcfe/examples/08-SHM/runs/example_SHM_operational_average_1104_090308/validation/model_epoch004/validation_all_output.p
2026-04-11 09:03:52,144: Epoch 4 average validation loss: 2.47441 -- Median validation metrics: avg_loss: 2.47441, NSE: 0.38438
2026-04-11 09:04:00,677: Epoch 5 average loss: avg_loss: 0.64207, avg_total_loss: 0.64207
2026-04-11 09:04:09,826: Epoch 6 average loss: avg_loss: 0.62870, avg_total_loss: 0.62870
2026-04-11 09:04:14,115: Stored states at /home/adam/dev/repos/neuralhydrology-dcfe/examples/08-SHM/runs/example_SHM_operational_average_1104_090308/validation/model_epoch006/validation_all_output.p
2026-04-11 09:04:14,116: Epoch 6 average validation loss: 1.00791 -- Median validation metrics: avg_loss: 1.00791, NSE: 0.68461
2026-04-11 09:04:22,816: Epoch 7 average loss: avg_loss: 0.60839, avg_total_loss: 0.60839
2026-04-11 09:04:31,680: Epoch 8 average loss: avg_loss: 0.60730, avg_total_loss: 0.60730
2026-04-11 09:04:35,948: Stored states at /home/adam/dev/repos/neuralhydrology-dcfe/examples/08-SHM/runs/example_SHM_operational_average_1104_090308/validation/model_epoch008/validation_all_output.p
2026-04-11 09:04:35,949: Epoch 8 average validation loss: 1.03584 -- Median validation metrics: avg_loss: 1.03584, NSE: 0.66767
2026-04-11 09:04:44,715: Epoch 9 average loss: avg_loss: 0.60606, avg_total_loss: 0.60606
2026-04-11 09:04:53,834: Epoch 10 average loss: avg_loss: 0.59634, avg_total_loss: 0.59634
2026-04-11 09:04:58,127: Stored states at /home/adam/dev/repos/neuralhydrology-dcfe/examples/08-SHM/runs/example_SHM_operational_average_1104_090308/validation/model_epoch010/validation_all_output.p
2026-04-11 09:04:58,128: Epoch 10 average validation loss: 0.97923 -- Median validation metrics: avg_loss: 0.97923, NSE: 0.68825
2026-04-11 09:06:22,000: Logging to /home/adam/dev/repos/neuralhydrology-dcfe/examples/08-SHM/runs/example_SHM_oracle_average_1104_090622/output.log initialized.
2026-04-11 09:06:22,001: ### Folder structure created at /home/adam/dev/repos/neuralhydrology-dcfe/examples/08-SHM/runs/example_SHM_oracle_average_1104_090622
2026-04-11 09:06:22,001: ### Run configurations for example_SHM_oracle_average
2026-04-11 09:06:22,001: experiment_name: example_SHM_oracle_average
2026-04-11 09:06:22,002: train_basin_file: /home/adam/dev/repos/neuralhydrology-dcfe/examples/08-SHM/2_basin.txt
2026-04-11 09:06:22,002: validation_basin_file: /home/adam/dev/repos/neuralhydrology-dcfe/examples/08-SHM/2_basin.txt
2026-04-11 09:06:22,002: test_basin_file: /home/adam/dev/repos/neuralhydrology-dcfe/examples/08-SHM/2_basin.txt
2026-04-11 09:06:22,002: train_start_date: 2000-10-01 00:00:00
2026-04-11 09:06:22,003: train_end_date: 2014-09-30 00:00:00
2026-04-11 09:06:22,003: validation_start_date: 1990-10-01 00:00:00
2026-04-11 09:06:22,003: validation_end_date: 1999-09-30 00:00:00
2026-04-11 09:06:22,003: test_start_date: 1999-10-01 00:00:00
2026-04-11 09:06:22,003: test_end_date: 2004-09-30 00:00:00
2026-04-11 09:06:22,003: device: cpu
2026-04-11 09:06:22,003: validate_every: 2
2026-04-11 09:06:22,004: validate_n_random_basins: 1
2026-04-11 09:06:22,004: metrics: ['NSE']
2026-04-11 09:06:22,004: model: hybrid_model
2026-04-11 09:06:22,004: conceptual_model: shm
2026-04-11 09:06:22,005: conceptual_param_config: oracle_average
2026-04-11 09:06:22,005: head: regression
2026-04-11 09:06:22,005: output_activation: linear
2026-04-11 09:06:22,005: hidden_size: 20
2026-04-11 09:06:22,005: initial_forget_bias: 3
2026-04-11 09:06:22,006: output_dropout: 0.2
2026-04-11 09:06:22,006: optimizer: Adam
2026-04-11 09:06:22,006: loss: MSE
2026-04-11 09:06:22,006: learning_rate: {0: 0.05, 20: 0.001, 40: 1e-05}
2026-04-11 09:06:22,006: batch_size: 256
2026-04-11 09:06:22,006: epochs: 10
2026-04-11 09:06:22,007: clip_gradient_norm: 1
2026-04-11 09:06:22,007: predict_last_n: 365
2026-04-11 09:06:22,007: seq_length: 910
2026-04-11 09:06:22,007: warmup_period: 180
2026-04-11 09:06:22,007: spin_up_period: 365
2026-04-11 09:06:22,007: num_workers: 8
2026-04-11 09:06:22,008: log_interval: 5
2026-04-11 09:06:22,008: log_tensorboard: True
2026-04-11 09:06:22,008: log_n_figures: 1
2026-04-11 09:06:22,008: save_weights_every: 1
2026-04-11 09:06:22,008: seed: 123
2026-04-11 09:06:22,009: dataset: camels_us
2026-04-11 09:06:22,009: data_dir: /home/adam/dev/repos/neuralhydrology-dcfe/data/CAMELS_US
2026-04-11 09:06:22,009: forcings: ['maurer', 'daymet', 'nldas']
2026-04-11 09:06:22,009: dynamic_inputs: ['PRCP(mm/day)_nldas', 'PRCP(mm/day)_maurer', 'prcp(mm/day)_daymet', 'srad(W/m2)_daymet', 'tmax(C)_daymet', 'tmin(C)_daymet', 'vp(Pa)_daymet']
2026-04-11 09:06:22,009: duplicate_features: ['PRCP(mm/day)_nldas', 'tmax(C)_daymet', 'tmin(C)_daymet', 'srad(W/m2)_daymet']
2026-04-11 09:06:22,010: dynamic_conceptual_inputs: ['PRCP(mm/day)_nldas_copy1', 'tmin(C)_daymet_copy1', 'tmax(C)_daymet_copy1', 'srad(W/m2)_daymet_copy1']
2026-04-11 09:06:22,010: custom_normalization: {'QObs(mm/d)': {'centering': 'None', 'scaling': 'None'}, 'PRCP(mm/day)_nldas_copy1': {'centering': 'None', 'scaling': 'None'}, 'srad(W/m2)_daymet_copy1': {'centering': 'None', 'scaling': 'None'}, 'tmin(C)_daymet_copy1': {'centering': 'None', 'scaling': 'None'}, 'tmax(C)_daymet_copy1': {'centering': 'None', 'scaling': 'None'}}
2026-04-11 09:06:22,010: target_variables: ['QObs(mm/d)']
2026-04-11 09:06:22,010: clip_targets_to_zero: ['QObs(mm/d)']
2026-04-11 09:06:22,010: save_all_output: True
2026-04-11 09:06:22,011: number_of_basins: 2
2026-04-11 09:06:22,011: run_dir: /home/adam/dev/repos/neuralhydrology-dcfe/examples/08-SHM/runs/example_SHM_oracle_average_1104_090622
2026-04-11 09:06:22,011: train_dir: /home/adam/dev/repos/neuralhydrology-dcfe/examples/08-SHM/runs/example_SHM_oracle_average_1104_090622/train_data
2026-04-11 09:06:22,011: img_log_dir: /home/adam/dev/repos/neuralhydrology-dcfe/examples/08-SHM/runs/example_SHM_oracle_average_1104_090622/img_log
2026-04-11 09:06:22,012: ### Device cpu will be used for training
2026-04-11 09:06:22,013: Loading basin data into xarray data set.
2026-04-11 09:06:22,141: Create lookup table and convert to pytorch tensor
2026-04-11 09:06:31,665: Epoch 1 average loss: avg_loss: 0.87711, avg_total_loss: 0.87711
2026-04-11 09:06:40,600: Epoch 2 average loss: avg_loss: 0.70538, avg_total_loss: 0.70538
2026-04-11 09:06:44,372: Stored states at /home/adam/dev/repos/neuralhydrology-dcfe/examples/08-SHM/runs/example_SHM_oracle_average_1104_090622/validation/model_epoch002/validation_all_output.p
2026-04-11 09:06:44,373: Epoch 2 average validation loss: 2.52714 -- Median validation metrics: avg_loss: 2.52714, NSE: 0.35127
2026-04-11 09:06:53,539: Epoch 3 average loss: avg_loss: 0.66629, avg_total_loss: 0.66629
2026-04-11 09:07:02,471: Epoch 4 average loss: avg_loss: 0.66275, avg_total_loss: 0.66275
2026-04-11 09:07:06,220: Stored states at /home/adam/dev/repos/neuralhydrology-dcfe/examples/08-SHM/runs/example_SHM_oracle_average_1104_090622/validation/model_epoch004/validation_all_output.p
2026-04-11 09:07:06,222: Epoch 4 average validation loss: 2.56484 -- Median validation metrics: avg_loss: 2.56484, NSE: 0.33086
2026-04-11 09:07:15,034: Epoch 5 average loss: avg_loss: 0.65578, avg_total_loss: 0.65578
2026-04-11 09:07:24,246: Epoch 6 average loss: avg_loss: 0.62812, avg_total_loss: 0.62812
2026-04-11 09:07:28,672: Stored states at /home/adam/dev/repos/neuralhydrology-dcfe/examples/08-SHM/runs/example_SHM_oracle_average_1104_090622/validation/model_epoch006/validation_all_output.p
2026-04-11 09:07:28,673: Epoch 6 average validation loss: 0.97605 -- Median validation metrics: avg_loss: 0.97605, NSE: 0.66475
2026-04-11 09:07:37,809: Epoch 7 average loss: avg_loss: 0.66096, avg_total_loss: 0.66096
2026-04-11 09:07:46,989: Epoch 8 average loss: avg_loss: 0.64086, avg_total_loss: 0.64086
2026-04-11 09:07:51,482: Stored states at /home/adam/dev/repos/neuralhydrology-dcfe/examples/08-SHM/runs/example_SHM_oracle_average_1104_090622/validation/model_epoch008/validation_all_output.p
2026-04-11 09:07:51,484: Epoch 8 average validation loss: 0.98476 -- Median validation metrics: avg_loss: 0.98476, NSE: 0.65566
2026-04-11 09:08:00,307: Epoch 9 average loss: avg_loss: 0.61551, avg_total_loss: 0.61551
2026-04-11 09:08:09,123: Epoch 10 average loss: avg_loss: 0.60492, avg_total_loss: 0.60492
2026-04-11 09:08:13,508: Stored states at /home/adam/dev/repos/neuralhydrology-dcfe/examples/08-SHM/runs/example_SHM_oracle_average_1104_090622/validation/model_epoch010/validation_all_output.p
2026-04-11 09:08:13,510: Epoch 10 average validation loss: 0.89384 -- Median validation metrics: avg_loss: 0.89384, NSE: 0.69121
2026-04-11 09:08:59,583: Using the model weights from runs/example_SHM_dynamic_1104_090013/model_epoch010.pt
2026-04-11 09:09:56,580: Using the model weights from /home/adam/dev/repos/neuralhydrology-dcfe/examples/08-SHM/runs/example_SHM_dynamic_1104_090013/model_epoch010.pt
2026-04-11 09:09:59,946: Stored metrics at /home/adam/dev/repos/neuralhydrology-dcfe/examples/08-SHM/runs/example_SHM_dynamic_1104_090013/test/model_epoch010/test_metrics.csv
2026-04-11 09:09:59,947: Stored results at /home/adam/dev/repos/neuralhydrology-dcfe/examples/08-SHM/runs/example_SHM_dynamic_1104_090013/test/model_epoch010/test_results.p
2026-04-11 09:09:59,950: Stored states at /home/adam/dev/repos/neuralhydrology-dcfe/examples/08-SHM/runs/example_SHM_dynamic_1104_090013/test/model_epoch010/test_all_output.p
2026-04-11 09:10:45,836: Using the model weights from runs/example_SHM_oracle_average_1104_090622/model_epoch010.pt
2026-04-11 09:10:49,053: Stored metrics at runs/example_SHM_oracle_average_1104_090622/test/model_epoch010/test_metrics.csv
2026-04-11 09:10:49,054: Stored results at runs/example_SHM_oracle_average_1104_090622/test/model_epoch010/test_results.p
2026-04-11 09:10:49,057: Stored states at runs/example_SHM_oracle_average_1104_090622/test/model_epoch010/test_all_output.p
2026-04-11 09:11:28,113: Using the model weights from runs/example_SHM_operational_average_1104_090308/model_epoch010.pt
2026-04-11 09:11:31,317: Stored metrics at runs/example_SHM_operational_average_1104_090308/test/model_epoch010/test_metrics.csv
2026-04-11 09:11:31,319: Stored results at runs/example_SHM_operational_average_1104_090308/test/model_epoch010/test_results.p
2026-04-11 09:11:31,321: Stored states at runs/example_SHM_operational_average_1104_090308/test/model_epoch010/test_all_output.p
2026-04-11 09:31:09,900: Using the model weights from runs/example_SHM_dynamic_1104_090013/model_epoch000.pt
2026-04-11 09:31:33,541: Using the model weights from runs/example_SHM_dynamic_1104_090013/model_epoch000.pt
2026-04-11 09:31:35,282: Using the model weights from runs/example_SHM_dynamic_1104_090013/model_epoch000.pt
2026-04-11 09:31:36,131: Using the model weights from runs/example_SHM_dynamic_1104_090013/model_epoch000.pt
2026-04-11 09:31:52,111: Using the model weights from /home/adam/dev/repos/neuralhydrology-dcfe/examples/08-SHM/runs/example_SHM_dynamic_1104_090013/model_epoch000.pt
2026-04-11 09:32:18,483: Using the model weights from runs/example_SHM_dynamic_1104_090013/model_epoch000.pt
